i> 00008ADC Build: mousehook@d829d20d1 on Apr  5 2025
i> 00008ADC Storage root: D:\Záloha\SKT_GitHub\zzz
i> 00008ADC ----------- CONFIG DUMP -----------

[APU]
apu = "any"
apu_max_queued_frames = 8
enable_xmp = true
ffmpeg_verbose = false
mute = false
use_dedicated_xma_thread = true
use_new_decoder = false
xmp_default_volume = 70

[CPU]
break_condition_gpr = -1
break_condition_op = "eq"
break_condition_truncate = true
break_condition_value = 0
break_on_debugbreak = true
break_on_instruction = 0
break_on_start = false
break_on_unimplemented_instructions = true
clock_no_scaling = false
clock_source_raw = false
cpu = "any"
debug_symbol_loader = false
debugprint_trap_log = false
disable_context_promotion = false
disable_instruction_infocache = false
disable_prefetch_and_cachecontrol = true
disassemble_functions = false
dump_translated_hir_functions = false
elide_e0_check = false
emit_mmio_aware_stores_for_recorded_exception_addresses = true
emit_source_annotations = false
enable_early_precompilation = false
full_optimization_even_with_debug = false
ignore_trap_instructions = true
ignore_undefined_externs = true
inline_loadclock = false
inline_mmio_access = true
load_module_map = ""
no_reserved_ops = false
no_round_to_single = false
permit_float_constant_evaluation = false
pvr = 7407360
store_all_context_values = false
trace_function_coverage = false
trace_function_data = false
trace_function_data_path = ""
trace_function_references = false
trace_functions = false
use_fast_dot_product = false
validate_hir = false
writable_code_segments = false

[Config]
defaults_date = 2024092309

[Content]
license_mask = 1

[D3D12]
d3d12_adapter = -1
d3d12_allow_variable_refresh_rate_and_tearing = true
d3d12_bindless = true
d3d12_break_on_error = false
d3d12_break_on_warning = false
d3d12_debug = false
d3d12_dxbc_disasm = false
d3d12_dxbc_disasm_dxilconv = false
d3d12_nvapi_use_driver_heap_priorities = false
d3d12_pipeline_creation_threads = -1
d3d12_queue_priority = 1
d3d12_submit_on_primary_buffer_end = true
d3d12_tessellation_wireframe = false
d3d12_tiled_shared_memory = true

[Display]
fullscreen = true
host_present_from_non_ui_thread = false
postprocess_antialiasing = "none"
postprocess_dither = false
postprocess_ffx_cas_additional_sharpness = 0.0
postprocess_ffx_fsr_max_upsampling_passes = 4
postprocess_ffx_fsr_sharpness_reduction = 0.0
postprocess_scaling_and_sharpening = "bilinear"
present_letterbox = true
present_render_pass_clear = true
present_safe_area_x = 100
present_safe_area_y = 100
postprocess_dithering = false

[GPU]
clear_memory_page_state = false
depth_float24_convert_in_pixel_shader = false
depth_float24_round = false
depth_transfer_not_equal_test = true
disassemble_pm4 = false
draw_resolution_scale_x = 1
draw_resolution_scale_y = 1
draw_resolution_scaled_texture_offsets = true
dump_shaders = ""
dxbc_source_map = false
dxbc_switch = true
execute_unclipped_draw_vs_on_cpu = true
execute_unclipped_draw_vs_on_cpu_for_psi_render_backend = true
execute_unclipped_draw_vs_on_cpu_with_scissor = false
force_convert_line_loops_to_strips = false
force_convert_quad_lists_to_triangle_lists = false
force_convert_triangle_fans_to_lists = false
framerate_limit = 0
gamma_render_target_as_srgb = false
gpu = "any"
gpu_allow_invalid_fetch_constants = true
half_pixel_offset = true
ignore_32bit_vertex_index_support = false
log_guest_driven_gpu_register_written_values = false
log_ringbuffer_kickoff_initiator_bts = false
mrt_edram_used_range_clamp_to_min = true
native_2x_msaa = true
native_stencil_value_output = true
native_stencil_value_output_d3d12_intel = false
no_discard_stencil_in_transfer_pipelines = false
non_seamless_cube_map = true
primitive_processor_cache_min_indices = 4096
query_occlusion_fake_sample_count = 100
readback_memexport = false
readback_resolve = false
render_target_path_d3d12 = ""
render_target_path_vulkan = ""
resolve_resolution_scale_fill_half_pixel_offset = true
snorm16_render_target_full_range = true
store_shaders = true
target_trace_file = ""
texture_cache_memory_limit_hard = 768
texture_cache_memory_limit_render_to_texture = 24
texture_cache_memory_limit_soft = 384
texture_cache_memory_limit_soft_lifetime = 30
trace_dump_path = ""
trace_gpu_prefix = "scratch/gpu/"
trace_gpu_stream = false
use_fuzzy_alpha_epsilon = false
vsync = true

[General]
allow_game_relative_writes = false
allow_plugins = false
apply_patches = true
controller_hotkeys = false
debug = false
discord = true
launch_module = ""
notification_sound_path = ""
priority_class = 0
recent_titles_entry_amount = 10
time_scalar = 1

[HACKS]
ac6_ground_fix = false

[HID]
guide_button = true
hid = "any"
keyboard_mode = 1
keyboard_user_index = 0
left_stick_deadzone_percentage = 0
right_stick_deadzone_percentage = 0
vibration = false

[HID.WinKey]
keybind_a = "0xBA"
keybind_b = "0xDE"
keybind_back = "Z"
keybind_dpad_down = "^S"
keybind_dpad_left = "^A"
keybind_dpad_right = "^D"
keybind_dpad_up = "^W"
keybind_guide = "0x08"
keybind_left_shoulder = "1"
keybind_left_thumb = "F"
keybind_left_thumb_down = "_S"
keybind_left_thumb_left = "_A"
keybind_left_thumb_right = "_D"
keybind_left_thumb_up = "_W"
keybind_left_trigger = "Q I"
keybind_right_shoulder = "3"
keybind_right_thumb = "K"
keybind_right_thumb_down = "0x28"
keybind_right_thumb_left = "0x25"
keybind_right_thumb_right = "0x27"
keybind_right_thumb_up = "0x26"
keybind_right_trigger = "E O"
keybind_start = "X"
keybind_x = "L"
keybind_y = "P"

[Kernel]
apply_title_update = true
cl = ""
default_achievements_backend = "GPD"
ignore_thread_affinities = true
ignore_thread_priorities = true
kernel_build_version = 1888
kernel_cert_monitor = false
kernel_debug_monitor = false
kernel_display_gamma_power = 2.22222233
kernel_display_gamma_type = 2
kernel_pix = false
log_high_frequency_kernel_calls = false
staging_mode = false

[Logging]
enable_console = false
flush_log = true
log_file = ""
log_level = 2
log_mask = 0
log_string_format_kernel_calls = false
log_to_debugprint = false
log_to_stdout = true

[Memory]
ignore_offset_for_ranged_allocations = false
protect_on_release = false
protect_zero = true
scribble_heap = false
writable_executable_memory = true

[MouseHook]
disable_autoaim = true
disable_fullscreen_esc_bind = true
fov_sensitivity = 0.9
ge_aim_turn_distance = 0.4000000059604645
ge_debug_menu = false
ge_gun_sway = true
ge_remove_blur = false
invert_x = false
invert_y = false
menu_sensitivity = 0.5
rdr_snappy_wheel = true
rdr_turbo_gallop_horse = false
right_stick_hold_time_workaround = 33
sensitivity = 1
source_sniper_sensitivity = 0
sr1_increase_vehicle_rotation_limit = true
sr2_better_handbrake_cam = true
sr2_hold_fine_aim = true
sr_better_drive_cam = true
swap_wheel = false
ue3_use_timer_to_hook_workaround = 0
use_right_stick_workaround = false
use_right_stick_workaround_gears1and2 = false
walk_diagonal = 18421
walk_orthogonal = 22800

[Profiles]
logged_profile_slot_0_xuid = "E03000003B4630E4"
logged_profile_slot_1_xuid = "0000000000000000"
logged_profile_slot_2_xuid = ""
logged_profile_slot_3_xuid = ""

[SDL]
mappings_file = "gamecontrollerdb.txt"

[Storage]
cache_root = ""
content_root = ""
mount_cache = true
mount_scratch = false
storage_root = ""

[UI]
custom_font_path = ""
font_size = 14
headless = false
imgui_debug = false
profiler_dpi_scaling = false
show_achievement_notification = false
show_profiler = false
storage_selection_dialog = false

[Video]
avpack = 8
interlaced = false
internal_display_resolution = 8
internal_display_resolution_x = 1280
internal_display_resolution_y = 720
use_50Hz_mode = false
video_standard = 1
widescreen = true

[Vulkan]
vulkan_allow_present_mode_fifo_relaxed = true
vulkan_allow_present_mode_immediate = true
vulkan_allow_present_mode_mailbox = true
vulkan_debug_utils_messenger = false
vulkan_debug_utils_messenger_severity = 2
vulkan_debug_utils_names = false
vulkan_device = -1
vulkan_sparse_shared_memory = true
vulkan_validation = false

[Win32]
enable_rdrand_ntdll_patch = true
win32_high_resolution_timer = true
win32_mmcss = true

[XConfig]
audio_flag = 65537
user_country = 20
user_language = 1

[x64]
align_all_basic_blocks = 0
delay_via_maybeyield = false
enable_host_guest_stack_synchronization = true
enable_incorrect_roundingmode_behavior = false
enable_rmw_context_merging = false
instrument_call_times = false
max_stackpoints = 65536
record_mmio_access_exceptions = true
x64_extension_mask = -1
xop_arithmetic_right_shifts = false
xop_compares = true
xop_left_shifts = false
xop_right_shifts = false
xop_rotates = false
----------- END OF CONFIG DUMP ----
i> 00008ADC Loaded config: D:\Záloha\SKT_GitHub\zzz\xenia-canary-mousehook.config.toml
i> 00008ADC Content root: D:\Záloha\SKT_GitHub\zzz\content
i> 00008ADC Host cache root: D:\Záloha\SKT_GitHub\zzz\cache_host
i> 0000511C Setup: Initializing Memory...
i> 0000511C Setup: Initializing Exports...
i> 0000511C Setup: Initializing Processor...
i> 0000511C Setup: Initializing Audio...
i> 0000511C Setup: Initializing Graphics...
i> 0000511C Setup: Initializing HID...
i> 0000511C winkey: "0x08" binds key 0x8 to controller input GUIDE.
i> 0000511C winkey: "^A" binds key 0x41 to controller input DPAD_LEFT.
i> 0000511C winkey: "^D" binds key 0x44 to controller input DPAD_RIGHT.
i> 0000511C winkey: "^S" binds key 0x53 to controller input DPAD_DOWN.
i> 0000511C winkey: "^W" binds key 0x57 to controller input DPAD_UP.
i> 0000511C winkey: "_A" binds key 0x41 to controller input LEFT_THUMB_LEFT.
i> 0000511C winkey: "_D" binds key 0x44 to controller input LEFT_THUMB_RIGHT.
i> 0000511C winkey: "_S" binds key 0x53 to controller input LEFT_THUMB_DOWN.
i> 0000511C winkey: "_W" binds key 0x57 to controller input LEFT_THUMB_UP.
i> 0000511C winkey: "F" binds key 0x46 to controller input LEFT_THUMB_PRESSED.
i> 0000511C winkey: "0x26" binds key 0x26 to controller input RIGHT_THUMB_UP.
i> 0000511C winkey: "0x28" binds key 0x28 to controller input RIGHT_THUMB_DOWN.
i> 0000511C winkey: "0x27" binds key 0x27 to controller input RIGHT_THUMB_RIGHT.
i> 0000511C winkey: "0x25" binds key 0x25 to controller input RIGHT_THUMB_LEFT.
i> 0000511C winkey: "K" binds key 0x4B to controller input RIGHT_THUMB_PRESSED.
i> 0000511C winkey: "L" binds key 0x4C to controller input X.
i> 0000511C winkey: "0xDE" binds key 0xDE to controller input B.
i> 0000511C winkey: "0xBA" binds key 0xBA to controller input A.
i> 0000511C winkey: "P" binds key 0x50 to controller input Y.
i> 0000511C winkey: "Q" binds key 0x51 to controller input LEFT_TRIGGER.
i> 0000511C winkey: "I" binds key 0x49 to controller input LEFT_TRIGGER.
i> 0000511C winkey: "E" binds key 0x45 to controller input RIGHT_TRIGGER.
i> 0000511C winkey: "O" binds key 0x4F to controller input RIGHT_TRIGGER.
i> 0000511C winkey: "Z" binds key 0x5A to controller input BACK.
i> 0000511C winkey: "X" binds key 0x58 to controller input START.
i> 0000511C winkey: "1" binds key 0x31 to controller input LEFT_SHOULDER.
i> 0000511C winkey: "3" binds key 0x33 to controller input RIGHT_SHOULDER.
i> 00008ADC SDL Version 2.32.2 initialized.
w> 00008ADC SDL GameControllerDB: file 'gamecontrollerdb.txt' does not exist.
i> 0000511C Setup: Initializing VFS...
i> 0000511C PatchDB: Loaded patches for 0 titles
i> 0000511C Setup: Initializing Kernel...
!> 0000511C ProfileManager: Found 0 Profiles
i> 0000511C Added handle:F8000000 for class xe::kernel::XObject
i> 0000511C Added handle:01000004 for class xe::kernel::XObject
i> 0000511C Added handle:01000008 for class xe::kernel::XObject
i> 0000511C Added handle:0100000C for class xe::kernel::XObject
i> 0000511C Setup: Starting graphics_system...
i> 0000511C DXGI adapter: NVIDIA GeForce RTX 3080 Ti (vendor 0x10DE, device 0x2208)
i> 0000511C Direct3D 12 device and OS features:
* Max GPU virtual address bits per resource: 40
* Non-zeroed heap creation: yes
* Pixel-shader-specified stencil reference: no
* Programmable sample positions: tier 2
* Rasterizer-ordered views: yes
* Resource binding: tier 3
* Tiled resources: tier 4
* Unaligned block-compressed textures: yes
i> 0000511C Added handle:01000010 for class xe::kernel::XObject
i> 0000511C XThread01000010 (1) Stack: 70010000-70030000
i> 0000511C Added handle:01000014 for class xe::kernel::XObject
i> 0000511C XThread01000014 (2) Stack: 70050000-70070000
i> 0000511C Setup: Starting audio_system...
K> 01000010 XThread::Execute thid 1 (handle=01000010, 'GPU Commands (01000010)', native=00006468, <host>)
K> 01000014 XThread::Execute thid 2 (handle=01000014, 'GPU Frame limiter (01000014)', native=00005708, <host>)
i> 0000511C Added handle:01000018 for class xe::kernel::XObject
i> 0000511C XThread01000018 (3) Stack: 70090000-700B0000
i> 0000511C Added handle:0100001C for class xe::kernel::XObject
i> 0000511C XThread0100001C (4) Stack: 700D0000-700F0000
K> 01000018 XThread::Execute thid 3 (handle=01000018, 'XMA Decoder (01000018)', native=00004A00, <host>)
K> 0100001C XThread::Execute thid 4 (handle=0100001C, 'Audio Worker (0100001C)', native=00002C84, <host>)
i> 00007ABC New controller connected to slot 0.
